
> prophetbetai@0.0.0 build
> vite build

[36mvite v6.4.1 [32mbuilding for production...[36m[39m
transforming...
[33msrc/pages/ManualTools.jsx (2:67): "autoGradeAndLearn" is not exported by "src/api/supabaseClient.js", imported by "src/pages/ManualTools.jsx".[39m
[32m✓[39m 2085 modules transformed.
[33m[plugin vite:reporter] 
(!) C:/Users/esqla/Desktop/Propetbetsai2/src/api/functions.js is dynamically imported by C:/Users/esqla/Desktop/Propetbetsai2/src/pages/Debug.jsx, C:/Users/esqla/Desktop/Propetbetsai2/src/pages/Debug.jsx, C:/Users/esqla/Desktop/Propetbetsai2/src/pages/Debug.jsx, C:/Users/esqla/Desktop/Propetbetsai2/src/pages/Debug.jsx, C:/Users/esqla/Desktop/Propetbetsai2/src/pages/Debug.jsx, C:/Users/esqla/Desktop/Propetbetsai2/src/pages/Debug.jsx, C:/Users/esqla/Desktop/Propetbetsai2/src/pages/Debug.jsx, C:/Users/esqla/Desktop/Propetbetsai2/src/pages/Debug.jsx, C:/Users/esqla/Desktop/Propetbetsai2/src/pages/Debug.jsx but also statically imported by C:/Users/esqla/Desktop/Propetbetsai2/src/pages/Algorithm.jsx, C:/Users/esqla/Desktop/Propetbetsai2/src/pages/HistoricalGamesView.jsx, C:/Users/esqla/Desktop/Propetbetsai2/src/pages/Injuries.jsx, C:/Users/esqla/Desktop/Propetbetsai2/src/pages/PredictionHistory.jsx, C:/Users/esqla/Desktop/Propetbetsai2/src/pages/Research.jsx, C:/Users/esqla/Desktop/Propetbetsai2/src/pages/Schedules.jsx, C:/Users/esqla/Desktop/Propetbetsai2/src/pages/TeamProps.jsx, C:/Users/esqla/Desktop/Propetbetsai2/src/pages/slate.jsx, dynamic import will not move module into another chunk.
[39m
rendering chunks...
computing gzip size...
[2mdist/[22m[32mindex.html                 [39m[1m[2m    0.46 kB[22m[1m[22m[2m │ gzip:   0.30 kB[22m
[2mdist/[22m[35massets/index-6-Eti1Pq.css  [39m[1m[2m  123.75 kB[22m[1m[22m[2m │ gzip:  18.73 kB[22m
[2mdist/[22m[36massets/index-vlI__NTP.js   [39m[1m[33m1,509.33 kB[39m[22m[2m │ gzip: 306.03 kB[22m
[33m
(!) Some chunks are larger than 500 kB after minification. Consider:
- Using dynamic import() to code-split the application
- Use build.rollupOptions.output.manualChunks to improve chunking: https://rollupjs.org/configuration-options/#output-manualchunks
- Adjust chunk size limit for this warning via build.chunkSizeWarningLimit.[39m
[32m✓ built in 5.57s[39m
